../Core/Src/stm32g0xx_it.c:71:6:NMI_Handler	8	static
../Core/Src/stm32g0xx_it.c:86:6:HardFault_Handler	8	static
../Core/Src/stm32g0xx_it.c:101:6:SVC_Handler	8	static
../Core/Src/stm32g0xx_it.c:114:6:PendSV_Handler	8	static
../Core/Src/stm32g0xx_it.c:127:6:SysTick_Handler	8	static
../Core/Src/stm32g0xx_it.c:148:6:EXTI2_3_IRQHandler	8	static
../Core/Src/stm32g0xx_it.c:162:6:EXTI4_15_IRQHandler	8	static
../Core/Src/stm32g0xx_it.c:176:6:TIM16_IRQHandler	8	static
../Core/Src/stm32g0xx_it.c:189:6:HAL_GPIO_EXTI_Rising_Callback	16	static
../Core/Src/stm32g0xx_it.c:195:6:HAL_GPIO_EXTI_Falling_Callback	16	static
